======== melcom ========

JINIC:
--------sqi--addr-----map-alu-alud-func--alus-h-rb---ra---ci--shmux--stopc-mod-pshf-mnsa-modnm-dsrc---ydst---shf---arbi--rld-letc-sci-ici-icc-ise-cem-cen-csm-wem-ecb-wrb-bra-eca-wra-ara-ydev---wry-ddev---wrd-iomp-ffcnt--cond---mps
        CJPP INIC     PE  -   -    -     -    - -    -    -   -      -     -   -    -    -     -      -      -     -     -   -    -   -   -   -   -   -   -   -   -   -   -   -   -   -   -      -   -      -   -    CLREI  -      -
--------
INIC:
--------sqi--addr-----map-alu-alud-func--alus-h-rb---ra---ci--shmux--stopc-mod-pshf-mnsa-modnm-dsrc---ydst---shf---arbi--rld-letc-sci-ici-icc-ise-cem-cen-csm-wem-ecb-wrb-bra-eca-wra-ara-ydev---wry-ddev---wrd-iomp-ffcnt--cond---mps
        CONT 206      -   ALU B    -     DZ   H MANT -    -   -      -     -   -    -    -     PROM   PROCN  -     -     -   -    -   -   -   -   -   -   -   -   -   -   -   -   -   -   -      -   -      -   -    -      -      -
        CONT 207      -   ALU B    -     DZ   H EXPN -    -   -      -     -   -    -    -     PROM   -      -     -     -   -    -   -   -   -   -   -   -   -   -   WRB -   -   -   -   ECBTAG -   -      -   -    -      -      -
        CONT 21       -   -   B    SUBR  DZ   H WR2  -    CI1 -      -     -   -    -    -     PROM   -      -     -     -   -    -   -   -   -   -   -   -   -   -   -   -   -   -   -   PHYSAD -   -      -   -    -      -      -
        PUSH 31       PE  ALU B    AND   DZ   H WR1  -    -   -      -     -   -    -    -     -      -      -     -     -   -    -   -   -   -   -   -   -   -   -   -   -   -   -   -   MPMEM  WRY -      -   IOMP FCP    -      -
        CONT 21       -   ALU B    -     DA   H WR2  WR2  -   -      -     -   -    -    -     PROM   MODGN  -     -     -   -    -   -   -   -   -   -   -   -   -   -   -   -   -   -   -      -   -      -   -    -      -      -
        RFCT -        -   ALU -    -     ZA   - -    WR1  -   -      -     -   63   MP   M0    -      -      -     -     -   -    -   -   -   -   -   -   CSM WEM -   -   -   -   -   -   -      -   -      -   -    -      -      -
        CONT 120      -   -   B    -     DZ   H WR1  -    -   -      -     -   -    -    -     PROM   -      -     -     -   -    -   -   -   -   -   -   -   -   -   -   -   -   -   -   -      -   -      -   -    -      -      -
CMES:
        CONT 106      -   ALU B    SUBR  DA   H WR1  WR1  CI1 -      -     -   -    -    -     PROM   ARBOPC -     -     -   -    -   -   -   -   -   CEN -   -   -   -   -   -   -   -   -      -   -      -   -    -      -      -
        PUSH 1023     PE  ALU B    AND   DZ   H WR2  -    -   -      -     -   -    -    -     -      PHYSPG -     -     -   -    -   -   -   -   -   -   -   -   -   -   -   -   -   -   -      -   -      -   -    -      -      -
        CONT 1        -   ALU -    -     ZA   - -    WR2  -   -      -     -   -    -    -     PROM   ADRREG -     -     -   -    -   -   -   -   -   -   -   -   -   -   -   -   -   -   -      -   MODB   WRD -    -      -      -
        CONT 103      -   ALU -    -     DZ   - -    -    -   -      -     -   -    -    -     PROM   -      -     -     -   -    -   -   -   -   -   -   -   -   -   -   -   -   -   -   STOPM0 WRY -      -   -    -      -      -
        CONT 103      -   ALU -    -     DZ   - -    -    -   -      -     -   -    -    -     PROM   -      -     -     -   -    -   -   -   -   -   -   -   -   -   -   -   -   -   -   STOPM1 WRY -      -   -    -      -      -
        RFCT 26       -   ALU B    -     DA   - WR2  WR2  CI1 -      -     -   -    -    -     PROM   PHYSPG -     -     -   -    -   -   -   -   -   -   -   -   -   -   -   -   -   -   -      -   -      -   -    -      -      -
        CJPP CMES     PE  -   -    -     -    - -    -    -   -      /NZ   -   -    -    -     -      -      -     -     -   -    -   -   -   -   -   -   -   -   -   -   -   -   -   -   -      -   -      -   -    -      CT     -
        CONT 421      -   ALU -    -     DZ   - -    -    -   -      YTOM  -   46   MP   RR    PROM   CNT    -     -     -   -    -   -   -   -   CEM -   CSM WEM -   -   -   -   -   -   -      -   STATUS WRD -    CLRTKK -      -
        CONT 229      -   ALU B    -     DZ   H WR1  -    CI1 -      -     -   -    -    -     PROM   ADRREG -     -     -   -    -   -   -   -   -   -   -   -   -   -   -   -   -   -   -      -   -      -   -    -      -      -
        CONT 90       -   ALU -    -     DZ   - -    -    -   -      -     -   -    -    -     PROM   -      -     -     -   -    -   -   -   -   -   -   -   -   -   -   -   -   -   -   PSMEM  WRY -      -   -    CLRCT  -      -
        CJS  CTTSTP   PE  -   -    -     -    - -    -    -   -      -     -   -    -    -     -      CCLR   -     -     -   -    -   -   -   -   -   -   -   -   -   -   -   -   -   -   -      -   -      -   -    CLRINT -      -
        CONT 424      -   ALU -    -     DA   - -    WR1  -   -      -     -   -    -    -     PROM   ADRREG -     -     -   -    -   -   -   -   -   -   -   -   -   -   -   -   -   -   -      -   -      -   -    -      -      -
        CONT -        -   -   B    -     DZ   H WR1  -    -   -      -     -   -    -    -     PROM   -      -     DRD   -   -    -   -   -   -   -   -   -   -   ECB WRB RG0 -   -   -   PHYSAD -   -      -   -    -      -      -
        CONT -        -   ALU BA   -     DA   H WR2  WR1  -   -      -     -   -4   IRA  M3    SHIFT  -      LOG   -     -   -    -   -   -   -   -   -   -   -   -   -   -   -   -   -   -      -   -      -   -    -      -      MPS
        CONT -        -   ALU BA   -     DZ   H WR1  WR1  -   -      -     -   -3   IRA  M2    SHIFT  -      LOG   -     -   -    -   -   -   -   -   -   -   -   -   -   -   -   -   -   -      -   -      -   -    -      -      MPS
        CONT -        -   -   B    -     AB   H WR2  WR1  -   -      -     -   -    -    -     -      -      -     -     -   -    -   -   -   -   -   -   -   -   -   -   -   -   -   -   -      -   -      -   -    -      -      -
        PUSH 303      -   -   B    -     DA   H WR2  WR2  -   -      -     -   -    -    -     PROM   -      -     -     -   -    -   -   ICC -   -   -   -   -   -   -   -   -   -   -   -      -   -      -   -    -      -      -
RCONST:
        LOOP 426      -   -   B    -     DZ   H A    -    -   -      -     -   -    -    -     PROM   -      -     -     -   -    -   -   -   -   -   -   -   -   -   -   -   -   -   -   -      -   -      -   -    -      ARBRDY -
        CONT -        -   -   -    EXOR  DA   H -    WR2  -   -      -     -   -    -    -     -      -      -     -     -   -    -   -   -   -   -   CEN -   -   -   -   -   ECA -   RG2 -      -   -      -   -    -      -      -
ZLP:
        CJP  ZLP      PE  -   -    -     -    - -    -    -   -      /NZ   -   -    -    -     -      -      -     -     -   -    -   -   -   -   -   -   -   -   -   -   -   -   -   -   -      -   -      -   -    CLREI  CT     -
        CONT 422      -   ALU B    -     DZ   H PC   -    -   -      -     -   -    -    -     PROM   ADRREG -     -     -   -    -   -   -   -   -   -   -   -   -   -   -   -   -   -   -      -   -      -   -    -      -      -
        PUSH LCWPH    PE  -   -    -     -    - -    -    -   -      -     -   -    -    -     -      -      -     BIRD  -   -    -   -   -   -   -   -   -   -   -   -   -   -   -   -   PHYSAD -   -      -   -    -      -      -
        LOOP 11       -   -   B    -     DZ   H BYTE -    -   -      -     -   -    -    -     PROM   -      -     -     -   -    -   -   -   -   -   -   -   -   -   -   -   -   -   -   -      -   -      -   -    -      ARBRDY -
        CONT -        -   ALU B    -     DZ   H INTR -    -   -      -     -   -    -    -     -      -      -     -     -   -    -   -   -   -   -   -   -   -   ECB WRB -   ECA -   RG2 -      -   -      -   -    -      -      -
        CONT 7        -   -   B    -     DZ   H HALF -    -   -      -     -   -    -    -     PROM   -      -     BICLR -   -    -   -   -   -   -   -   -   -   -   -   -   -   -   -   PHYSAD -   -      -   -    CLRTR1 -      -
WA:
        JRP  WA       PE  -   -    -     -    - -    -    -   -      -     -   -    -    -     -      -      -     -     -   -    -   -   ICC -   -   -   -   -   -   -   -   -   -   -   -      -   -      -   -    SETEI  ARBRDY -
INIFAT:
        CJPP F1       PE  -   -    -     -    - -    -    -   -      -     -   -    -    -     -      -      -     -     -   -    -   -   -   -   -   -   -   -   -   -   -   -   -   -   -      -   -      -   -    CLRCTT -      -
F1:
        CJPP F2       PE  -   -    -     -    - -    -    -   -      -     -   -    -    -     -      -      -     -     -   -    -   -   -   -   -   -   -   -   -   -   -   -   -   -   -      -   -      -   -    CLRCT  -      -
F2:
        CJPP F3       PE  -   -    -     -    - -    -    -   -      -     -   -    -    -     -      -      -     -     -   -    -   -   -   -   -   -   -   -   -   -   -   -   -   -   -      -   -      -   -    CLRINT -      -
F3:
        CJPP FATHLT   PE  -   -    -     -    - -    -    -   -      -     -   -    -    -     -      -      -     -     -   -    -   -   -   -   -   -   -   -   -   -   -   -   -   -   -      -   -      -   -    SETEI  -      -
INIMEM:
        CJPP MEM      PE  -   -    -     -    - -    -    -   -      -     -   -    -    -     -      -      -     -     -   -    -   -   -   -   -   -   -   -   -   -   -   -   -   -   -      -   -      -   -    -      -      -
MEM:
        CONT 165      -   ALU -    -     DZ   - -    -    -   -      -     -   -    -    -     PROM   CNT    -     -     -   -    -   -   -   -   -   -   -   -   -   -   -   -   -   -   -      -   -      -   -    CLRCT  -      -
        CONT 11       -   -   B    -     DZ   H BYTE -    -   -      -     -   -    -    -     PROM   -      -     -     -   -    -   -   -   -   -   -   -   -   -   -   -   -   -   -   -      -   -      -   -    CLRINT -      -
        CONT 103      -   ALU B    -     DZ   H WR5  -    -   -      -     -   -    -    -     PROM   -      -     -     -   -    -   -   -   -   -   -   -   -   -   WRB -   -   -   -   ECBTAG -   -      -   -    CLRCTT -      -
        CONT 103      -   ALU B    -     DZ   H WR3  -    -   -      -     -   -    -    -     PROM   ADRREG -     -     -   -    -   -   -   -   -   -   -   -   -   -   -   -   -   -   -      -   -      -   -    SETEI  -      -
WRM:
        CONT -        -   -   -    -     -    - -    -    -   -      -     -   -    -    -     -      -      -     DWR   -   -    -   -   -   -   -   -   -   -   ECB WRB RG0 -   -   -   PHYSAD -   -      -   -    -      -      -
WAW:
        CJP  WAW      PE  ALU -    EXNOR ZA   H -    WR3  -   -      -     -   -    -    -     -      -      -     -     -   -    -   -   ICC -   -   -   -   -   ECB WRB -   -   -   -   -      -   -      -   -    -      ARBRDY -
        CONT -        -   ALU B    -     ZB   H WR3  -    CI1 -      -     -   -    -    -     -      ADRREG -     -     -   -    -   -   -   -   -   -   -   -   -   -   -   -   -   -   MPMEM  WRY -      -   IOMP INFB2  -      -
        CONT 33       -   -   -    EXOR  DA   - -    WR3  -   -      -     -   -    -    -     PROM   -      -     -     -   -    -   -   -   -   -   CEN -   -   -   -   -   -   -   -   -      -   -      -   -    -      -      -
        CJP  WRM      PE  -   -    -     -    - -    -    -   -      /NZ   -   -    -    -     -      -      -     -     -   -    -   -   -   -   -   -   -   -   -   -   -   -   -   -   -      -   -      -   -    -      CT     -
        CONT 103      -   ALU B    -     DZ   H WR3  -    -   -      -     -   -    -    -     PROM   ADRREG -     -     -   -    -   -   -   -   -   -   -   -   -   -   -   -   -   -   -      -   -      -   -    -      -      -
RDM:
        CONT -        -   -   -    -     -    - -    -    -   -      -     -   -    -    -     -      -      -     DRD   -   -    -   -   -   -   -   -   -   -   ECB WRB RG0 -   -   -   PHYSAD -   -      -   -    -      -      -
WAR:
        CJP  WAR      PE  -   B    EXNOR ZA   H WR4  WR3  -   -      -     -   -    -    -     -      -      -     -     -   -    -   -   ICC -   -   -   -   -   -   -   -   -   -   -   -      -   -      -   -    -      ARBRDY -
        CONT -        -   -   B    -     DZ   H A    -    -   -      -     -   -    -    -     -      -      -     -     -   -    -   -   -   -   -   -   -   -   -   -   -   ECA -   RG2 -      -   -      -   -    -      -      -
        CONT -        -   -   B    AND   DA   H Y    BYTE -   -      -     -   -    -    -     SHIFT  -      LOG   -     -   -    -   -   -   -   -   -   -   -   -   -   RG2 -   -   -   ECBTAG -   -      -   -    -      -      MPS
        CONT -        -   -   -    EXOR  AB   H A    WR4  -   -      -     -   -    -    -     -      -      -     -     -   -    -   -   -   -   -   CEN -   -   -   -   -   -   -   -   -      -   -      -   -    -      -      -
        CJP  ERRMEM   PE  -   -    EXOR  AB   - Y    WR5  -   -      /NZ   -   -    -    -     -      -      -     -     -   -    -   -   -   -   CEM -   -   -   -   -   -   -   -   -   -      -   -      -   -    -      CT     -
        CJP  ERRMEM   PE  -   -    -     -    - -    -    -   -      /MZ   -   -    -    -     -      -      -     -     -   -    -   -   -   -   -   -   -   -   -   -   -   -   -   -   -      -   -      -   -    -      CT     -
        CONT -        -   ALU B    -     ZB   H WR3  -    CI1 -      -     -   -    -    -     -      ADRREG -     -     -   -    -   -   -   -   -   -   -   -   -   -   -   -   -   -   MPMEM  WRY -      -   IOMP INFB2  -      -
        CONT 33       -   -   -    EXOR  DA   - -    WR3  -   -      -     -   -    -    -     PROM   -      -     -     -   -    -   -   -   -   -   CEN -   -   -   -   -   -   -   -   -      -   -      -   -    -      -      -
        CJP  RDM      PE  -   -    -     -    - -    -    -   -      /NZ   -   -    -    -     -      -      -     -     -   -    -   -   -   -   -   -   -   -   -   -   -   -   -   -   -      -   -      -   -    -      CT     -
STP:
        CJP  STP      PE  -   -    -     -    - -    -    -   -      -     -   -    -    -     -      -      -     -     -   -    -   -   -   -   -   -   -   -   -   -   -   -   -   -   -      -   -      -   -    -      -      -
ERRMEM:
        CJP  ERRMEM   PE  ALU -    -     ZA   - -    BYTE -   -      -     -   -    -    -     -      -      -     -     -   -    -   -   -   -   -   -   -   -   -   -   -   -   -   -   MPMEM  WRY -      -   IOMP INFB2  -      -
--------
JMPRAM:
--------sqi--addr-----map-alu-alud-func--alus-h-rb---ra---ci--shmux--stopc-mod-pshf-mnsa-modnm-dsrc---ydst---shf---arbi--rld-letc-sci-ici-icc-ise-cem-cen-csm-wem-ecb-wrb-bra-eca-wra-ara-ydev---wry-ddev---wrd-iomp-ffcnt--cond---mps
        CJP  2048     PE  -   -    -     -    - -    -    -   -      -     -   32   MP   -     -      -      -     -     -   -    -   -   -   -   -   -   -   -   -   -   -   -   -   -   -      -   -      -   -    -      -      -
--------
JOPC:
--------sqi--addr-----map-alu-alud-func--alus-h-rb---ra---ci--shmux--stopc-mod-pshf-mnsa-modnm-dsrc---ydst---shf---arbi--rld-letc-sci-ici-icc-ise-cem-cen-csm-wem-ecb-wrb-bra-eca-wra-ara-ydev---wry-ddev---wrd-iomp-ffcnt--cond---mps
        CJP  JMPOPC   PE  -   -    -     -    - -    -    -   -      -     -   -    -    -     -      -      -     -     -   -    -   -   -   -   -   -   -   -   -   -   -   -   -   -   -      -   -      -   -    CLREI  -      -
--------
JMPOPC:
--------sqi--addr-----map-alu-alud-func--alus-h-rb---ra---ci--shmux--stopc-mod-pshf-mnsa-modnm-dsrc---ydst---shf---arbi--rld-letc-sci-ici-icc-ise-cem-cen-csm-wem-ecb-wrb-bra-eca-wra-ara-ydev---wry-ddev---wrd-iomp-ffcnt--cond---mps
        PUSH 31       PE  -   B    AND   DA   H WR1  BYTE -   -      -     -   -    -    -     OPC    -      -     -     -   -    -   -   -   -   -   -   -   -   -   -   -   -   -   -   -      -   -      -   -    -      -      -
        RFCT -        -   -   -    -     -    - -    -    -   -      -     -   -    -    -     -      -      -     -     -   -    -   -   -   -   -   -   -   -   -   -   -   -   -   -   -      -   -      -   -    -      -      -
        CJP  EMEML    PE  -   -    -     -    - -    -    -   -      -     -   -    -    -     -      -      -     -     -   -    -   -   -   -   -   -   -   -   -   -   -   -   -   -   -      -   -      -   -    SETEI  EMLRG  -
        CONT 419      -   -   -    EXOR  DA   - -    WR1  -   -      -     -   -    -    -     PROM   -      -     -     -   -    -   -   -   -   -   CEN -   -   -   -   -   -   -   -   -      -   -      -   -    -      -      -
        CJP  IJP      PE  -   -    -     -    - -    -    -   -      -     -   -    -    -     -      -      -     -     -   -    -   -   -   -   -   -   -   -   -   -   -   -   -   -   -      -   -      -   -    -      CT     -
        CONT 420      -   -   -    EXOR  DA   - -    WR1  -   -      -     -   -    -    -     PROM   -      -     -     -   -    -   -   -   -   -   CEN -   -   -   -   -   -   -   -   -      -   -      -   -    -      -      -
        CJP  RET      PE  -   -    -     -    - -    -    -   -      -     -   -    -    -     -      -      -     -     -   -    -   -   -   -   -   -   -   -   -   -   -   -   -   -   -      -   -      -   -    -      CT     -
        CONT 11       -   -   -    EXOR  DA   - -    WR1  -   -      -     -   -    -    -     PROM   -      -     -     -   -    -   -   -   -   -   CEN -   -   -   -   -   -   -   -   -      -   -      -   -    -      -      -
        CJP  HLT      PE  -   -    -     -    - -    -    -   -      -     -   -    -    -     -      -      -     -     -   -    -   -   -   -   -   -   -   -   -   -   -   -   -   -   -      -   -      -   -    -      CT     -
        CJP  CO/D     PE  -   B    AND   DA   - WR2  BYTE -   -      -     -   20   -    M11   SHIFT  -      LOG   -     -   -    -   -   -   -   -   -   -   -   ECB -   RG1 -   -   -   -      -   -      -   -    -      RCB    MPS
        CONT -        -   -   B    AND   DA   - WR2  BYTE -   -      -     -   52   MP   M11   SHIFT  -      LOG   -     -   -    -   -   -   -   -   -   -   -   ECB -   RG1 -   -   -   -      -   -      -   -    -      -      MPS
CO/D:
        CONT 163      -   -   -    EXOR  DA   - -    WR2  -   -      -     -   -    -    -     PROM   -      -     -     -   -    -   -   -   -   -   CEN -   -   -   -   -   -   -   -   -      -   -      -   -    -      -      -
        CJP  DOF      PE  -   -    -     -    - -    -    -   -      -     -   -    -    -     -      -      -     -     -   -    -   -   -   -   -   -   -   -   -   -   -   -   -   -   -      -   -      -   -    -      CT     -
        CONT 300      -   -   -    EXOR  DA   - -    WR1  -   -      -     -   -    -    -     PROM   -      -     -     -   -    -   -   -   -   -   CEN -   -   -   -   -   -   -   -   -      -   -      -   -    -      -      -
        CJP  A/U      PE  -   -    -     -    - -    -    -   -      -     -   -    -    -     -      -      -     -     -   -    -   -   -   -   -   -   -   -   -   -   -   -   -   -   -      -   -      -   -    -      CT     -
        CONT 301      -   -   -    EXOR  DA   - -    WR1  -   -      -     -   -    -    -     PROM   -      -     -     -   -    -   -   -   -   -   CEN -   -   -   -   -   -   -   -   -      -   -      -   -    -      -      -
        CJP  A*U      PE  -   -    -     -    - -    -    -   -      -     -   -    -    -     -      -      -     -     -   -    -   -   -   -   -   -   -   -   -   -   -   -   -   -   -      -   -      -   -    -      CT     -
        CONT 324      -   -   -    EXOR  DA   - -    WR1  -   -      -     -   -    -    -     PROM   -      -     -     -   -    -   -   -   -   -   CEN -   -   -   -   -   -   -   -   -      -   -      -   -    -      -      -
        CJP  A*LOPC   PE  -   -    -     -    - -    -    -   -      /NZ   -   -    -    -     -      -      -     -     -   -    -   -   -   -   -   -   -   -   -   -   -   -   -   -   -      -   -      -   -    -      CT     -
        CJP  A/L      PE  -   -    -     -    - -    -    -   -      -     -   -    -    -     -      -      -     -     -   -    -   -   ICC -   -   -   -   -   -   -   -   -   -   -   -      -   -      -   -    -      IR15   -
        CJP  A/LF     PE  -   -    -     -    - -    -    -   -      -     -   -    -    -     -      -      -     -     -   -    -   -   -   -   -   -   -   -   -   -   -   -   -   -   -      -   -      -   -    -      -      -
A*LOPC:
        CONT 325      -   -   -    EXOR  DA   - -    WR1  -   -      -     -   -    -    -     PROM   -      -     -     -   -    -   -   -   -   -   CEN -   -   -   -   -   -   -   -   -      -   -      -   -    -      -      -
        CJP  A/HOPC   PE  -   -    -     -    - -    -    -   -      /NZ   -   -    -    -     -      -      -     -     -   -    -   -   -   -   -   -   -   -   -   -   -   -   -   -   -      -   -      -   -    -      CT     -
        CJP  A*L      PE  -   -    -     -    - -    -    -   -      -     -   -    -    -     -      -      -     -     -   -    -   -   ICC -   -   -   -   -   -   -   -   -   -   -   -      -   -      -   -    -      IR15   -
        CJP  A*LF     PE  -   -    -     -    - -    -    -   -      -     -   -    -    -     -      -      -     -     -   -    -   -   -   -   -   -   -   -   -   -   -   -   -   -   -      -   -      -   -    -      -      -
A/HOPC:
        CONT 357      -   -   -    EXOR  DA   - -    WR1  -   -      -     -   -    -    -     PROM   -      -     -     -   -    -   -   -   -   -   CEN -   -   -   -   -   -   -   -   -      -   -      -   -    -      -      -
        CJP  A/H      PE  -   -    -     -    - -    -    -   -      -     -   -    -    -     -      -      -     -     -   -    -   -   -   -   -   -   -   -   -   -   -   -   -   -   -      -   -      -   -    -      CT     -
        CONT 358      -   -   -    EXOR  DA   - -    WR1  -   -      -     -   -    -    -     PROM   -      -     -     -   -    -   -   -   -   -   CEN -   -   -   -   -   -   -   -   -      -   -      -   -    -      -      -
        CJP  A*H      PE  -   -    -     -    - -    -    -   -      -     -   -    -    -     -      -      -     -     -   -    -   -   -   -   -   -   -   -   -   -   -   -   -   -   -      -   -      -   -    -      CT     -
        CONT 395      -   -   -    EXOR  DA   - -    WR1  -   -      -     -   -    -    -     PROM   -      -     -     -   -    -   -   -   -   -   CEN -   -   -   -   -   -   -   -   -      -   -      -   -    -      -      -
        CJP  ABXOPC   PE  -   -    -     -    - -    -    -   -      /NZ   -   -    -    -     -      -      -     -     -   -    -   -   -   -   -   -   -   -   -   -   -   -   -   -   -      -   -      -   -    -      CT     -
ADXE:
        CJP  ADX      PE  -   -    -     -    - -    -    -   -      -     -   -    -    -     -      -      -     -     -   -    -   -   ICC -   -   -   -   -   -   -   -   -   -   -   -      -   -      -   -    -      IR15   -
        CJP  ADXFE    PE  -   -    -     -    - -    -    -   -      -     -   -    -    -     -      -      -     -     -   -    -   -   -   -   -   -   -   -   -   -   -   -   -   -   -      -   -      -   -    -      EMLRG  -
        CJP  ADXF     PE  -   -    -     -    - -    -    -   -      -     -   -    -    -     -      -      -     -     -   -    -   -   -   -   -   -   -   -   -   -   -   -   -   -   -      -   -      -   -    -      -      -
ABXOPC:
        CONT 396      -   -   -    EXOR  DA   - -    WR1  -   -      -     -   -    -    -     PROM   -      -     -     -   -    -   -   -   -   -   CEN -   -   -   -   -   -   -   -   -      -   -      -   -    -      -      -
        CJP  XBAOPC   PE  -   -    -     -    - -    -    -   -      /NZ   -   -    -    -     -      -      -     -     -   -    -   -   -   -   -   -   -   -   -   -   -   -   -   -   -      -   -      -   -    -      CT     -
ABXE:
        CJP  ABX      PE  -   -    -     -    - -    -    -   -      -     -   -    -    -     -      -      -     -     -   -    -   -   ICC -   -   -   -   -   -   -   -   -   -   -   -      -   -      -   -    -      IR15   -
        CJP  ABXFE    PE  -   -    -     -    - -    -    -   -      -     -   -    -    -     -      -      -     -     -   -    -   -   -   -   -   -   -   -   -   -   -   -   -   -   -      -   -      -   -    -      EMLRG  -
        CJP  ABXF     PE  -   -    -     -    - -    -    -   -      -     -   -    -    -     -      -      -     -     -   -    -   -   -   -   -   -   -   -   -   -   -   -   -   -   -      -   -      -   -    -      -      -
XBAOPC:
        CONT 397      -   -   -    EXOR  DA   - -    WR1  -   -      -     -   -    -    -     PROM   -      -     -     -   -    -   -   -   -   -   CEN -   -   -   -   -   -   -   -   -      -   -      -   -    -      -      -
        CJP  AMXOPC   PE  -   -    -     -    - -    -    -   -      /NZ   -   -    -    -     -      -      -     -     -   -    -   -   -   -   -   -   -   -   -   -   -   -   -   -   -      -   -      -   -    -      CT     -
XBAE:
        CJP  XBA      PE  -   -    -     -    - -    -    -   -      -     -   -    -    -     -      -      -     -     -   -    -   -   ICC -   -   -   -   -   -   -   -   -   -   -   -      -   -      -   -    -      IR15   -
        CJP  XBAFE    PE  -   -    -     -    - -    -    -   -      -     -   -    -    -     -      -      -     -     -   -    -   -   -   -   -   -   -   -   -   -   -   -   -   -   -      -   -      -   -    -      EMLRG  -
        CJP  XBAF     PE  -   -    -     -    - -    -    -   -      -     -   -    -    -     -      -      -     -     -   -    -   -   -   -   -   -   -   -   -   -   -   -   -   -   -      -   -      -   -    -      -      -
AMXOPC:
        CONT 398      -   -   -    EXOR  DA   - -    WR1  -   -      -     -   -    -    -     PROM   -      -     -     -   -    -   -   -   -   -   CEN -   -   -   -   -   -   -   -   -      -   -      -   -    -      -      -
        CJP  AVXOPC   PE  -   -    -     -    - -    -    -   -      /NZ   -   -    -    -     -      -      -     -     -   -    -   -   -   -   -   -   -   -   -   -   -   -   -   -   -      -   -      -   -    -      CT     -
AMXE:
        CJP  AMX      PE  -   -    -     -    - -    -    -   -      -     -   -    -    -     -      -      -     -     -   -    -   -   ICC -   -   -   -   -   -   -   -   -   -   -   -      -   -      -   -    -      IR15   -
        CJP  AMXFE    PE  -   -    -     -    - -    -    -   -      -     -   -    -    -     -      -      -     -     -   -    -   -   -   -   -   -   -   -   -   -   -   -   -   -   -      -   -      -   -    -      EMLRG  -
        CJP  AMXF     PE  -   -    -     -    - -    -    -   -      -     -   -    -    -     -      -      -     -     -   -    -   -   -   -   -   -   -   -   -   -   -   -   -   -   -      -   -      -   -    -      -      -
AVXOPC:
        CONT 399      -   -   -    EXOR  DA   - -    WR1  -   -      -     -   -    -    -     PROM   -      -     -     -   -    -   -   -   -   -   CEN -   -   -   -   -   -   -   -   -      -   -      -   -    -      -      -
        CJP  A/XOPC   PE  -   -    -     -    - -    -    -   -      /NZ   -   -    -    -     -      -      -     -     -   -    -   -   -   -   -   -   -   -   -   -   -   -   -   -   -      -   -      -   -    -      CT     -
AVXE:
        CJP  AVX      PE  -   -    -     -    - -    -    -   -      -     -   -    -    -     -      -      -     -     -   -    -   -   ICC -   -   -   -   -   -   -   -   -   -   -   -      -   -      -   -    -      IR15   -
        CJP  AVXFE    PE  -   -    -     -    - -    -    -   -      -     -   -    -    -     -      -      -     -     -   -    -   -   -   -   -   -   -   -   -   -   -   -   -   -   -      -   -      -   -    -      EMLRG  -
        CJP  AVXF     PE  -   -    -     -    - -    -    -   -      -     -   -    -    -     -      -      -     -     -   -    -   -   -   -   -   -   -   -   -   -   -   -   -   -   -      -   -      -   -    -      -      -
A/XOPC:
        CONT 114      -   -   -    EXOR  DA   - -    WR1  -   -      -     -   -    -    -     PROM   -      -     -     -   -    -   -   -   -   -   CEN -   -   -   -   -   -   -   -   -      -   -      -   -    -      -      -
        CJP  A*XOPC   PE  -   -    -     -    - -    -    -   -      /NZ   -   -    -    -     -      -      -     -     -   -    -   -   -   -   -   -   -   -   -   -   -   -   -   -   -      -   -      -   -    -      CT     -
A/XE:
        CJP  A/X      PE  -   -    -     -    - -    -    -   -      -     -   -    -    -     -      -      -     -     -   -    -   -   ICC -   -   -   -   -   -   -   -   -   -   -   -      -   -      -   -    -      IR15   -
        CJP  A/XFE    PE  -   -    -     -    - -    -    -   -      -     -   -    -    -     -      -      -     -     -   -    -   -   -   -   -   -   -   -   -   -   -   -   -   -   -      -   -      -   -    -      EMLRG  -
        CJP  A/XF     PE  -   -    -     -    - -    -    -   -      -     -   -    -    -     -      -      -     -     -   -    -   -   -   -   -   -   -   -   -   -   -   -   -   -   -      -   -      -   -    -      -      -
A*XOPC:
        CONT 400      -   -   -    EXOR  DA   - -    WR1  -   -      -     -   -    -    -     PROM   -      -     -     -   -    -   -   -   -   -   CEN -   -   -   -   -   -   -   -   -      -   -      -   -    -      -      -
        CJP  EDXOPC   PE  -   -    -     -    - -    -    -   -      /NZ   -   -    -    -     -      -      -     -     -   -    -   -   -   -   -   -   -   -   -   -   -   -   -   -   -      -   -      -   -    -      CT     -
A*XE:
        CJP  A*X      PE  -   -    -     -    - -    -    -   -      -     -   -    -    -     -      -      -     -     -   -    -   -   ICC -   -   -   -   -   -   -   -   -   -   -   -      -   -      -   -    -      IR15   -
        CJP  A*XFE    PE  -   -    -     -    - -    -    -   -      -     -   -    -    -     -      -      -     -     -   -    -   -   -   -   -   -   -   -   -   -   -   -   -   -   -      -   -      -   -    -      EMLRG  -
        CJP  A*XF     PE  -   -    -     -    - -    -    -   -      -     -   -    -    -     -      -      -     -     -   -    -   -   -   -   -   -   -   -   -   -   -   -   -   -   -      -   -      -   -    -      -      -
EDXOPC:
        CONT 120      -   -   -    EXOR  DA   - -    WR1  -   -      -     -   -    -    -     PROM   -      -     -     -   -    -   -   -   -   -   CEN -   -   -   -   -   -   -   -   -      -   -      -   -    -      -      -
        CJP  EBXOPC   PE  -   -    -     -    - -    -    -   -      /NZ   -   -    -    -     -      -      -     -     -   -    -   -   -   -   -   -   -   -   -   -   -   -   -   -   -      -   -      -   -    -      CT     -
EDXE:
        CJP  EDX      PE  -   -    -     -    - -    -    -   -      -     -   -    -    -     -      -      -     -     -   -    -   -   ICC -   -   -   -   -   -   -   -   -   -   -   -      -   -      -   -    -      IR15   -
        CJP  EDXFE    PE  -   -    -     -    - -    -    -   -      -     -   -    -    -     -      -      -     -     -   -    -   -   -   -   -   -   -   -   -   -   -   -   -   -   -      -   -      -   -    -      EMLRG  -
        CJP  EDXF     PE  -   -    -     -    - -    -    -   -      -     -   -    -    -     -      -      -     -     -   -    -   -   -   -   -   -   -   -   -   -   -   -   -   -   -      -   -      -   -    -      -      -
EBXOPC:
        CONT 121      -   -   -    EXOR  DA   - -    WR1  -   -      -     -   -    -    -     PROM   -      -     -     -   -    -   -   -   -   -   CEN -   -   -   -   -   -   -   -   -      -   -      -   -    -      -      -
        CJP  OPCEXT   PE  -   -    -     -    - -    -    -   -      /NZ   -   -    -    -     -      -      -     -     -   -    -   -   -   -   -   -   -   -   -   -   -   -   -   -   -      -   -      -   -    -      CT     -
EBXE:
        CJP  EBX      PE  -   -    -     -    - -    -    -   -      -     -   -    -    -     -      -      -     -     -   -    -   -   ICC -   -   -   -   -   -   -   -   -   -   -   -      -   -      -   -    -      IR15   -
        CJP  EBXFE    PE  -   -    -     -    - -    -    -   -      -     -   -    -    -     -      -      -     -     -   -    -   -   -   -   -   -   -   -   -   -   -   -   -   -   -      -   -      -   -    -      EMLRG  -
        CJP  EBXF     PE  -   -    -     -    - -    -    -   -      -     -   -    -    -     -      -      -     -     -   -    -   -   -   -   -   -   -   -   -   -   -   -   -   -   -      -   -      -   -    -      -      -
OPCEXT:
        CONT 294      -   -   -    EXOR  DA   - -    WR1  -   -      -     -   -    -    -     PROM   -      -     -     -   -    -   -   -   -   -   CEN -   -   -   -   -   -   -   -   -      -   -      -   -    -      -      -
        CJP  EXT/     PE  -   -    -     -    - -    -    -   -      -     -   -    -    -     -      -      -     -     -   -    -   -   -   -   -   -   -   -   -   -   -   -   -   -   -      -   -      -   -    -      CT     -
        CJP  NETNR    PE  -   -    -     -    - -    -    -   -      -     -   -    -    -     -      -      -     -     -   -    -   -   -   -   -   -   -   -   -   -   -   -   -   -   -      -   -      -   -    -      -      -
DOF:
        CONT 333      -   -   -    EXOR  DA   - -    WR1  -   -      -     -   -    -    -     PROM   -      -     -     -   -    -   -   -   -   -   CEN -   -   -   -   -   -   -   -   -      -   -      -   -    -      -      -
        CJP  A/I      PE  -   -    -     -    - -    -    -   -      -     -   -    -    -     -      -      -     -     -   -    -   -   -   -   -   -   -   -   -   -   -   -   -   -   -      -   -      -   -    -      CT     -
        CONT 334      -   -   -    EXOR  DA   - -    WR1  -   -      -     -   -    -    -     PROM   -      -     -     -   -    -   -   -   -   -   CEN -   -   -   -   -   -   -   -   -      -   -      -   -    -      -      -
        CJP  A*I      PE  -   -    -     -    - -    -    -   -      -     -   -    -    -     -      -      -     -     -   -    -   -   -   -   -   -   -   -   -   -   -   -   -   -   -      -   -      -   -    -      CT     -
        CONT 128      -   -   -    EXOR  DA   - -    WR1  -   -      -     -   -    -    -     PROM   -      -     -     -   -    -   -   -   -   -   CEN -   -   -   -   -   -   -   -   -      -   -      -   -    -      -      -
        CJP  EDN      PE  -   -    -     -    - -    -    -   -      -     -   -    -    -     -      -      -     -     -   -    -   -   -   -   -   -   -   -   -   -   -   -   -   -   -      -   -      -   -    -      CT     -
        CONT 129      -   -   -    EXOR  DA   - -    WR1  -   -      -     -   -    -    -     PROM   -      -     -     -   -    -   -   -   -   -   CEN -   -   -   -   -   -   -   -   -      -   -      -   -    -      -      -
        CJP  EBN      PE  -   -    -     -    - -    -    -   -      -     -   -    -    -     -      -      -     -     -   -    -   -   -   -   -   -   -   -   -   -   -   -   -   -   -      -   -      -   -    -      CT     -
        CONT 295      -   -   -    EXOR  DA   - -    WR1  -   -      -     -   -    -    -     PROM   -      -     -     -   -    -   -   -   -   -   CEN -   -   -   -   -   -   -   -   -      -   -      -   -    -      -      -
        CJP  YTA      PE  -   -    -     -    - -    -    -   -      -     -   -    -    -     -      -      -     -     -   -    -   -   -   -   -   -   -   -   -   -   -   -   -   -   -      -   -      -   -    -      CT     -
NETNR:
        CJP  EXTDR    PE  -   -    -     -    - -    -    -   -      -     -   -    -    -     -      -      -     -     -   -    -   -   -   -   -   -   -   -   -   -   -   -   -   -   -      -   -      -   -    -      -      -
EMEML:
        CONT 105      -   -   -    EXOR  DA   - -    WR1  -   -      -     -   -    -    -     PROM   -      -     -     -   -    -   -   -   -   -   CEN -   -   -   -   -   -   -   -   -      -   -      -   -    -      -      -
        CJP  ADXE     PE  -   -    -     -    - -    -    -   -      -     -   -    -    -     -      -      -     -     -   -    -   -   -   -   -   -   -   -   -   -   -   -   -   -   -      -   -      -   -    -      CT     -
        CONT 106      -   -   -    EXOR  DA   - -    WR1  -   -      -     -   -    -    -     PROM   -      -     -     -   -    -   -   -   -   -   CEN -   -   -   -   -   -   -   -   -      -   -      -   -    -      -      -
        CJP  ABXE     PE  -   -    -     -    - -    -    -   -      -     -   -    -    -     -      -      -     -     -   -    -   -   -   -   -   -   -   -   -   -   -   -   -   -   -      -   -      -   -    -      CT     -
        CONT 107      -   -   -    EXOR  DA   - -    WR1  -   -      -     -   -    -    -     PROM   -      -     -     -   -    -   -   -   -   -   CEN -   -   -   -   -   -   -   -   -      -   -      -   -    -      -      -
        CJP  XBAE     PE  -   -    -     -    - -    -    -   -      -     -   -    -    -     -      -      -     -     -   -    -   -   -   -   -   -   -   -   -   -   -   -   -   -   -      -   -      -   -    -      CT     -
        CONT 108      -   -   -    EXOR  DA   - -    WR1  -   -      -     -   -    -    -     PROM   -      -     -     -   -    -   -   -   -   -   CEN -   -   -   -   -   -   -   -   -      -   -      -   -    -      -      -
        CJP  AMXE     PE  -   -    -     -    - -    -    -   -      -     -   -    -    -     -      -      -     -     -   -    -   -   -   -   -   -   -   -   -   -   -   -   -   -   -      -   -      -   -    -      CT     -
        CONT 113      -   -   -    EXOR  DA   - -    WR1  -   -      -     -   -    -    -     PROM   -      -     -     -   -    -   -   -   -   -   CEN -   -   -   -   -   -   -   -   -      -   -      -   -    -      -      -
        CJP  AVXE     PE  -   -    -     -    - -    -    -   -      -     -   -    -    -     -      -      -     -     -   -    -   -   -   -   -   -   -   -   -   -   -   -   -   -   -      -   -      -   -    -      CT     -
        CONT 114      -   -   -    EXOR  DA   - -    WR1  -   -      -     -   -    -    -     PROM   -      -     -     -   -    -   -   -   -   -   CEN -   -   -   -   -   -   -   -   -      -   -      -   -    -      -      -
        CJP  A/XE     PE  -   -    -     -    - -    -    -   -      -     -   -    -    -     -      -      -     -     -   -    -   -   -   -   -   -   -   -   -   -   -   -   -   -   -      -   -      -   -    -      CT     -
        CONT 115      -   -   -    EXOR  DA   - -    WR1  -   -      -     -   -    -    -     PROM   -      -     -     -   -    -   -   -   -   -   CEN -   -   -   -   -   -   -   -   -      -   -      -   -    -      -      -
        CJP  A*XE     PE  -   -    -     -    - -    -    -   -      -     -   -    -    -     -      -      -     -     -   -    -   -   -   -   -   -   -   -   -   -   -   -   -   -   -      -   -      -   -    -      CT     -
        CONT 120      -   -   -    EXOR  DA   - -    WR1  -   -      -     -   -    -    -     PROM   -      -     -     -   -    -   -   -   -   -   CEN -   -   -   -   -   -   -   -   -      -   -      -   -    -      -      -
        CJP  EDXE     PE  -   -    -     -    - -    -    -   -      -     -   -    -    -     -      -      -     -     -   -    -   -   -   -   -   -   -   -   -   -   -   -   -   -   -      -   -      -   -    -      CT     -
        CONT 121      -   -   -    EXOR  DA   - -    WR1  -   -      -     -   -    -    -     PROM   -      -     -     -   -    -   -   -   -   -   CEN -   -   -   -   -   -   -   -   -      -   -      -   -    -      -      -
        CJP  EBXE     PE  -   -    -     -    - -    -    -   -      -     -   -    -    -     -      -      -     -     -   -    -   -   -   -   -   -   -   -   -   -   -   -   -   -   -      -   -      -   -    -      CT     -
        CONT 128      -   -   -    EXOR  DA   - -    WR1  -   -      -     -   -    -    -     PROM   -      -     -     -   -    -   -   -   -   -   CEN -   -   -   -   -   -   -   -   -      -   -      -   -    -      -      -
        CJP  EDN      PE  -   -    -     -    - -    -    -   -      -     -   -    -    -     -      -      -     -     -   -    -   -   -   -   -   -   -   -   -   -   -   -   -   -   -      -   -      -   -    -      CT     -
        CONT 129      -   -   -    EXOR  DA   - -    WR1  -   -      -     -   -    -    -     PROM   -      -     -     -   -    -   -   -   -   -   CEN -   -   -   -   -   -   -   -   -      -   -      -   -    -      -      -
        CJP  EBN      PE  -   -    -     -    - -    -    -   -      -     -   -    -    -     -      -      -     -     -   -    -   -   -   -   -   -   -   -   -   -   -   -   -   -   -      -   -      -   -    -      CT     -
        CONT 125      -   -   -    EXOR  DA   - -    WR1  -   -      -     -   -    -    -     PROM   -      -     -     -   -    -   -   -   -   -   CEN -   -   -   -   -   -   -   -   -      -   -      -   -    -      -      -
        CJP  YTA      PE  -   -    -     -    - -    -    -   -      -     -   -    -    -     -      -      -     -     -   -    -   -   -   -   -   -   -   -   -   -   -   -   -   -   -      -   -      -   -    -      CT     -
        CJP  EXT6     PE  -   -    -     -    - -    -    -   -      -     -   -    -    -     -      -      -     -     -   -    -   -   -   -   -   -   -   -   -   -   -   -   -   -   -      -   -      -   -    -      -      -
ENDJOP:
--------
LCWPRG:
JQ:
--------sqi--addr-----map-alu-alud-func--alus-h-rb---ra---ci--shmux--stopc-mod-pshf-mnsa-modnm-dsrc---ydst---shf---arbi--rld-letc-sci-ici-icc-ise-cem-cen-csm-wem-ecb-wrb-bra-eca-wra-ara-ydev---wry-ddev---wrd-iomp-ffcnt--cond---mps
        CJP  -        ME  -   Q    -     DZ   - -    -    -   -      -     -   -    -    -     COMA   -      -     -     -   LETC -   -   -   -   -   -   -   -   -   -   -   -   -   -   -      -   -      -   -    -      -      -
JIQ:
        CJP  -        ME  -   Q    -     DZ   - -    -    -   -      -     -   -    -    -     COMA   -      -     -     -   -    -   -   -   ISE -   -   -   -   -   -   -   -   -   -   -      -   CLRCD  WRD -    CLRJMP -      -
LCWISE:
        CJP  LCW      PE  -   -    -     -    - -    -    -   -      -     -   -    -    -     -      -      -     -     -   -    -   -   -   ISE -   -   -   -   -   -   -   -   -   -   -      -   CLRCD  -   -    CLRJMP -      -
LCWJE:
        CONT -        -   -   B    -     ZA   - PCCP PC   -   -      -     -   -    -    -     -      -      -     -     -   -    -   -   -   ISE -   -   -   -   -   -   -   -   -   -   -      -   CLRCD  -   -    SETJMP -      -
        CONT 209      -   ALU B    AND   DQ   - PC   -    -   -      -     -   -    -    -     PROM   ADRREG -     -     -   -    -   -   -   -   -   -   -   -   -   -   -   -   -   -   -      -   -      -   -    CLRTR1 -      -
LCWPH:
        CONT -        -   -   -    -     -    - -    -    -   -      -     -   -    -    -     -      -      -     FETCH -   -    -   -   -   -   -   -   -   -   ECB WRB RG0 -   -   -   PHYSAD -   -      -   -    -      -      -
LCWWA:
        CJP  LCWWA    PE  -   -    -     -    - -    -    -   -      -     -   -    -    -     -      -      -     -     -   -    -   -   ICC -   -   -   -   -   -   -   -   -   -   -   -      -   -      -   -    -      ARBRDY -
        CJP  JQ       PE  -   -    -     -    - -    -    -   -      -     -   -    -    -     -      -      -     -     -   -    -   -   -   ISE -   -   -   -   -   -   -   -   -   -   -      -   -      -   -    SETTR1 -      -
UZAADD:
        CONT 68       -   -   -    AND   DA   H -    -    -   -      -     -   -    -    -     PROM   -      -     -     -   -    -   -   -   -   -   CEN -   -   -   -   -   -   -   -   -      -   -      -   -    CLRTR1 -      -
UZAZER:
JNZ:
        CJP  LCWJMP   PE  -   B    -     ZQ   - DADR -    -   -      -     -   -    -    -     -      -      -     -     -   -    -   -   -   -   -   -   -   -   -   -   -   -   -   -   -      -   -      -   -    CHTKK  CT     -
NXTC:
        CJP  -        ME  -   Q    -     DZ   - -    -    -   -      -     -   -    -    -     COMA   -      -     -     -   -    -   -   -   ISE -   -   -   -   -   -   -   -   -   -   -      -   CLRCD  WRD -    CLRTR1 TKKB   -
LCW:
        CJP  LCWPH    PE  ALU B    -     ZB   - PC   -    CI1 -      -     -   -    -    -     -      ADRREG -     -     -   -    -   -   -   -   -   -   -   -   -   -   -   -   -   -   -      -   -      -   -    CLRTR1 -      -
UIAADD:
        CONT 68       -   -   -    AND   DA   H -    -    -   -      -     -   -    -    -     PROM   -      -     -     -   -    -   -   -   -   -   CEN -   -   -   -   -   -   -   -   -      -   -      -   -    CLRTR1 -      -
JNNZ:
        CJP  NXTC     PE  -   B    -     ZQ   - DADR -    -   -      -     -   -    -    -     -      -      -     -     -   -    -   -   -   -   -   -   -   -   -   -   -   -   -   -   -      -   -      -   -    CHTKK  CT     -
LCWJMP:
UIAZER:
        CJP  LCWJE    PE  -   B    -     ZQ   - DADR -    -   -      -     -   -    -    -     -      -      -     -     -   -    -   -   -   -   -   -   -   -   -   -   -   -   -   -   -      -   -      -   -    CLRTKK EMLRG  -
LCWJ1:
        CONT -        -   -   B    -     ZA   - PCCP PC   -   -      -     -   -    -    -     -      -      -     -     -   -    -   -   -   ISE -   -   -   -   -   -   -   -   -   -   -      -   CLRCD  -   -    SETJMP -      -
        CJP  LCWPH    PE  ALU B    -     ZQ   - PC   -    -   -      -     -   -    -    -     -      ADRREG -     -     -   -    -   -   -   -   -   -   -   -   -   -   -   -   -   -   -      -   -      -   -    CLRTR1 -      -
--------
A*U:
--------sqi--addr-----map-alu-alud-func--alus-h-rb---ra---ci--shmux--stopc-mod-pshf-mnsa-modnm-dsrc---ydst---shf---arbi--rld-letc-sci-ici-icc-ise-cem-cen-csm-wem-ecb-wrb-bra-eca-wra-ara-ydev---wry-ddev---wrd-iomp-ffcnt--cond---mps
        CONT -        -   ALU B    -     DQ   - DADR -    -   -      -     -   -32  IRA  -     -      -      -     -     -   -    -   -   -   -   -   CEN CSM -   ECB WRB RG2 -   -   -   -      -   -      -   -    -      -      -
PSA*U:
        CJS  NADR     PE  -   B    AND   DA   H WR2  HALF -   -      NN    -   -    -    -     -      -      -     -     -   -    -   -   -   -   -   -   -   -   -   -   -   ECA -   RG2 -      -   -      -   -    -      CT     -
        CONT -        -   -   B    AND   DZ   H WR3  -    -   -      -     -   -    -    -     -      -      -     -     -   -    -   -   -   -   -   -   -   -   -   -   -   -   -   -   -      -   -      -   -    -      -      -
INTMUL:
        CJS  INVWR2   PE  -   Q    -     ZA   H -    -    -   -      NN    -   -    -    -     -      -      -     -     -   -    -   -   -   -   CEM -   -   -   -   -   -   -   -   -   -      -   -      -   -    -      CT     -
        CJS  INVQ     PE  -   B    AND   DZ   H A    -    -   -      MN    -   -    -    -     -      -      -     -     -   -    -   -   -   -   -   -   -   -   -   -   -   -   -   -   -      -   -      -   -    -      CT     -
        CONT -        -   -   -    SUBS  -    H -    WR2  CI1 -      -     -   -    -    -     -      -      -     -     -   -    -   -   -   -   -   CEN -   -   -   -   -   -   -   -   -      -   -      -   -    -      -      -
        CJS  CHQWR2   PE  -   B    AND   DZ   H -    -    -   -      OPC18 -   -    -    -     -      -      -     -     -   -    -   -   -   -   -   -   -   -   -   -   -   -   -   -   -      -   -      -   -    -      CT     -
        CONT -        -   -   RSBQ -     ZQ   H -    -    -   LDLND  -     -   -    -    -     -      -      -     -     -   -    -   -   -   -   CEM -   -   -   -   -   -   -   -   -   -      -   -      -   -    -      -      -
        CJP  NOD      PE  -   -    -     ZA   - -    BYTE -   -      /MC   -   -    -    -     -      -      -     -     -   -    -   -   -   -   -   CEN -   -   -   -   -   -   -   -   -      -   -      -   -    -      CT     -
        CONT -        -   -   B    -     AB   H A    WR2  -   -      OPC7  -   -    -    -     -      -      -     -     -   -    -   -   -   -   -   CEN -   -   -   -   -   -   -   -   -      -   -      -   -    -      -      -
NOD:
        PUSH 62       PE  ALU BA   -     DZ   H WR2  WR2  -   -      -     -   -1   IRA  M0    SHIFT  -      LOG   -     -   -    -   -   -   -   CEM -   -   -   -   -   -   -   -   -   -      -   -      -   -    -      -      MPS
        CJS  OROVR    PE  -   -    -     -    - -    -    -   -      MN    -   -    -    -     -      -      -     -     -   -    -   -   -   -   -   -   -   -   -   -   -   -   -   -   -      -   -      -   -    -      CT     -
        CONT -        -   -   RSBQ -     ZQ   H -    -    -   LDLND  -     -   -    -    -     -      -      -     -     -   -    -   -   -   -   -   -   -   -   -   -   -   -   -   -   -      -   -      -   -    -      -      -
        CJP  NOADD    PE  -   -    -     -    - -    -    -   -      /MC   -   -    -    -     -      -      -     -     -   -    -   -   -   -   -   -   -   -   -   -   -   -   -   -   -      -   -      -   -    -      CT     -
        CONT -        -   -   B    -     AB   H A    WR2  -   -      OPC7  -   -    -    -     -      -      -     -     -   -    -   -   -   -   -   CEN -   -   -   -   -   -   -   -   -      -   -      -   -    -      -      -
NOADD:
        CONT -        -   -   -    -     ZQ   H -    -    -   -      -     -   -    -    -     -      -      -     -     -   -    -   -   -   -   CEM -   -   -   -   -   -   -   -   -   -      -   -      -   -    -      -      -
        CJP  ENDCKL   PE  -   -    -     -    - -    -    -   -      MZ    -   -    -    -     -      -      -     -     -   -    -   -   -   -   -   -   -   -   -   -   -   -   -   -   -      -   -      -   -    -      CT     -
        RFCT -        -   ALU BA   -     DZ   H WR2  WR2  -   -      -     -   -1   IRA  M0    SHIFT  -      LOG   -     -   -    -   -   -   -   CEM -   -   -   -   -   -   -   -   -   -      -   -      -   -    -      -      MPS
ENDCKL:
        CJS  OROVR    PE  -   B    EXNOR ZA   H WR1  -    -   -      NV    -   -    -    -     -      -      -     -     -   -    -   -   -   -   -   -   -   -   -   -   -   -   -   -   -      -   -      -   -    CHTKK  CT     -
        CONT -        -   -   -    -     ZA   H -    -    -   -      -     -   -    -    -     -      -      -     -     -   -    -   -   -   -   CEM -   -   -   -   -   -   -   -   -   -      -   -      -   -    -      -      -
        CJP  NZR      PE  -   -    -     -    - -    -    -   -      /MZ   -   -    -    -     -      -      -     -     -   -    -   -   -   -   -   -   -   -   -   -   -   -   -   -   -      -   -      -   -    -      CT     -
        CONT 25       -   -   B    OR    DA   - WR3  WR3  -   -      -     -   -    -    -     PROM   -      -     -     -   -    -   -   -   -   -   -   -   -   -   -   -   -   -   -   -      -   -      -   -    -      -      -
NZR:
        LDCT LCW      PE  ALU -    -     ZA   - -    WR3  -   -      YTOM  -   -    -    -     -      -      -     -     -   -    -   -   -   -   CEM -   -   -   -   -   -   -   -   -   -      -   STATUS WRD -    -      -      -
        CJP  INVA     PE  -   Q    -     DZ   - -    -    -   -      MN    -   -    -    -     COMA   -      -     -     -   -    -   -   -   -   -   -   -   -   -   -   -   -   -   -   -      -   -      -   -    -      CT     -
        JRP  -        ME  -   -    -     -    - -    -    -   -      -     -   -    -    -     -      -      -     -     -   -    -   -   -   ISE -   -   -   -   -   -   -   -   -   -   -      -   CLRCD  WRD -    MULGRP TKKB   -
INVA:
        JRP  -        ME  -   B    -     ZA   H A    WR1  CI1 -      -     -   -    -    -     -      -      -     -     -   -    -   -   -   ISE -   -   -   -   -   -   -   -   -   -   -      -   CLRCD  WRD -    MULGRP TKKB   -
INVWR2:
        CONT -        -   -   B    SUBS  ZA   H WR2  WR2  CI1 -      -     -   -    -    -     -      -      -     -     -   -    -   -   -   -   -   CEN -   -   -   -   -   -   -   -   -      -   -      -   -    -      -      -
PSINV:
        CRTN 24       -   -   B    EXOR  DA   H WR3  WR3  -   -      /NN   -   -    -    -     PROM   -      -     -     -   -    -   -   -   -   -   -   -   -   -   -   -   -   -   -   -      -   -      -   -    -      CT     -
OROVR:
        CRTN 22       -   -   B    OR    DA   H WR3  WR3  -   -      -     -   -    -    -     PROM   -      -     -     -   -    -   -   -   -   -   -   -   -   -   -   -   -   -   -   -      -   -      -   -    -      -      -
INVQ:
        CJP  PSINV    PE  -   Q    SUBS  ZQ   H -    -    CI1 -      -     -   -    -    -     -      -      -     -     -   -    -   -   -   -   -   CEN -   -   -   -   -   -   -   -   -      -   -      -   -    -      -      -
INVY:
        CJP  PSINV    PE  -   B    SUBS  ZB   H Y    -    CI1 -      -     -   -    -    -     -      -      -     -     -   -    -   -   -   -   -   CEN -   -   -   -   -   -   -   -   -      -   -      -   -    -      -      -
CHQWR2:
        CONT -        -   ALU BA   -     ZQ   H WR2  WR2  -   -      -     -   -    -    -     -      -      -     -     -   -    -   -   -   -   -   -   -   -   ECB WRB -   -   -   -   -      -   -      -   -    -      -      -
        CRTN -        -   -   Q    -     DZ   H -    -    -   -      -     -   -    -    -     -      -      -     -     -   -    -   -   -   -   -   -   -   -   -   -   -   ECA -   -   -      -   -      -   -    -      -      -
--------
A*I:
--------sqi--addr-----map-alu-alud-func--alus-h-rb---ra---ci--shmux--stopc-mod-pshf-mnsa-modnm-dsrc---ydst---shf---arbi--rld-letc-sci-ici-icc-ise-cem-cen-csm-wem-ecb-wrb-bra-eca-wra-ara-ydev---wry-ddev---wrd-iomp-ffcnt--cond---mps
        CONT -        -   ALU B    -     DQ   - DADR -    -   -      -     -   -32  IRA  -     -      ADRREG -     -     -   -    -   -   -   -   -   -   CSM -   -   -   -   -   -   -   -      -   -      -   -    -      -      -
        CJP  PSA*U    PE  -   -    -     DZ   - -    -    -   -      -     -   -64  U    -     -      -      -     -     -   -    -   -   -   -   -   CEN CSM -   -   -   -   ECA WRA RG2 -      -   -      -   -    -      -      -
--------
A*L:
--------sqi--addr-----map-alu-alud-func--alus-h-rb---ra---ci--shmux--stopc-mod-pshf-mnsa-modnm-dsrc---ydst---shf---arbi--rld-letc-sci-ici-icc-ise-cem-cen-csm-wem-ecb-wrb-bra-eca-wra-ara-ydev---wry-ddev---wrd-iomp-ffcnt--cond---mps
        CONT -        -   ALU B    -     DQ   - DADR -    -   -      -     -   -32  IRA  -     -      ADRREG -     -     -   -    -   -   -   -   -   -   CSM -   -   -   -   -   -   -   -      -   -      -   -    -      -      -
        CONT -        -   -   B    AND   DZ   H WR3  -    -   -      -     -   -    -    -     -      -      -     DRD   -   -    -   -   -   -   -   -   -   -   ECB WRB RG0 -   -   -   PHYSAD -   -      -   -    -      -      -
WA:
        CJP  WA       PE  -   -    -     -    - -    -    -   -      -     -   -    -    -     -      -      -     -     -   -    -   -   ICC -   -   -   -   -   -   -   -   -   -   -   -      -   -      -   -    -      ARBRDY -
        CJP  INTMUL   PE  -   B    -     DZ   H WR2  -    -   -      -     -   -    -    -     -      -      -     -     -   -    -   -   -   -   -   CEN -   -   -   -   -   ECA -   RG2 -      -   -      -   -    -      -      -
A*LF:
        CONT -        -   -   -    -     ZQ   - -    -    -   -      -     -   -    -    -     -      -      -     -     -   -    -   -   -   -   -   CEN -   -   -   -   -   -   -   -   -      -   -      -   -    -      -      -
        CJP  A*L      PE  ALU B    SUBS  DZ   - DADR -    -   -      /NZ   -   48   MP   SP    -      ADRREG -     -     -   -    -   -   -   -   -   -   CSM -   -   -   -   -   -   -   -      -   -      -   -    -      CT     -
        CONT -        -   -   B    AND   DZ   H WR3  -    -   -      -     -   -    -    -     -      -      -     DRD   -   -    -   -   -   -   -   -   -   -   ECB WRB RG0 -   -   -   PHYSAD -   -      -   -    -      -      -
WAF:
        CJP  WAF      PE  -   Q    -     ZA   H -    -    -   -      -     -   -    -    -     -      -      -     -     -   -    -   -   ICC -   CEM -   -   -   -   -   -   -   -   -   -      -   -      -   -    -      ARBRDY -
        CJP  INTMUL   PE  ALU BA   -     DZ   H WR2  DADR -   -      -     -   48   MP   SP    -      -      -     -     -   -    -   -   -   -   -   CEN CSM WEM -   -   -   ECA -   RG2 -      -   -      -   -    -      -      -
--------
A*H:
--------sqi--addr-----map-alu-alud-func--alus-h-rb---ra---ci--shmux--stopc-mod-pshf-mnsa-modnm-dsrc---ydst---shf---arbi--rld-letc-sci-ici-icc-ise-cem-cen-csm-wem-ecb-wrb-bra-eca-wra-ara-ydev---wry-ddev---wrd-iomp-ffcnt--cond---mps
        CJS  RDH      PE  -   B    -     DQ   - WR2  -    -   -      -     -   -32  IRA  -     -      -      -     -     -   -    -   -   -   -   -   CEN CSM -   -   -   -   -   -   -   -      -   -      -   -    -      -      -
        CJP  INTMUL   PE  -   B    AND   DZ   H WR3  -    -   -      -     -   -    -    -     -      -      -     -     -   -    -   -   -   -   -   -   -   -   -   -   -   -   -   -   -      -   -      -   -    CHTKK  -      -
--------
A/U:
--------sqi--addr-----map-alu-alud-func--alus-h-rb---ra---ci--shmux--stopc-mod-pshf-mnsa-modnm-dsrc---ydst---shf---arbi--rld-letc-sci-ici-icc-ise-cem-cen-csm-wem-ecb-wrb-bra-eca-wra-ara-ydev---wry-ddev---wrd-iomp-ffcnt--cond---mps
        CONT -        -   ALU B    -     DQ   - DADR -    -   -      -     -   -32  IRA  -     -      -      -     -     -   -    -   -   -   -   -   CEN CSM -   ECB WRB RG2 -   -   -   -      -   -      -   -    -      -      -
PSA/U:
        CJS  NADR     PE  -   B    AND   DA   H WR2  HALF -   -      NN    -   -    -    -     -      -      -     -     -   -    -   -   -   -   -   -   -   -   -   -   -   ECA -   RG2 -      -   -      -   -    -      CT     -
        CONT -        -   -   B    AND   DZ   H WR3  -    -   -      -     -   -    -    -     -      -      -     -     -   -    -   -   -   -   -   -   -   -   -   -   -   -   -   -   -      -   -      -   -    -      -      -
INTDIV:
        CJS  INVWR2   PE  -   B    -     ZA   H Y    -    -   -      NN    -   -    -    -     -      -      -     -     -   -    -   -   -   -   CEM -   -   -   -   -   -   -   -   -   -      -   -      -   -    -      CT     -
        CJS  INVY     PE  -   Q    AND   DZ   H -    -    -   -      MN    -   -    -    -     -      -      -     -     -   -    -   -   -   -   -   -   -   -   -   -   -   -   -   -   -      -   -      -   -    -      CT     -
        CONT -        -   -   -    -     ZA   H -    WR2  -   -      -     -   -    -    -     -      -      -     -     -   -    -   -   -   -   -   CEN -   -   -   -   -   -   -   -   -      -   -      -   -    -      -      -
        CJP  OVRZ     PE  -   -    SUBS  AB   H WR2  Y    CI1 -      -     -   -    -    -     -      -      -     -     -   -    -   -   -   -   CEM -   -   -   -   -   -   -   -   -   -      -   CLRCD  -   -    CLRJMP CT     -
        CONT 100      -   -   Q    -     DZ   H -    -    -   -      -     -   -    -    -     PROM   -      -     -     -   -    -   -   -   -   -   -   -   -   -   -   -   -   -   -   -      -   -      -   -    -      -      -
        CJP  ZRRZ     PE  ALU BA   AND   DQ   H -    Y    -   -      OPC34 -   -    -    -     LOS    -      -     -     -   -    -   -   -   -   -   -   -   -   -   -   -   -   -   -   -      -   -      -   -    -      CT     -
        CJP  EQU      PE  ALU BA   AND   DQ   H WR1  WR2  -   -      MZ    -   -    -    -     LOS    -      -     -     -   -    -   -   -   -   -   -   -   -   -   -   -   -   -   -   -      -   -      -   -    -      CT     -
        CONT -        -   ALU B    SUBR  AB   H WR1  WR6  CI1 -      -     -   -    -    -     -      -      -     -     RLD -    -   -   -   -   -   -   -   -   -   -   -   -   -   -   -      -   -      -   -    -      -      -
        CONT 26       -   ALU -    SUBS  DA   H -    WR1  CI1 -      -     -   -    -    -     PROM   PSHIFT -     -     -   -    -   -   -   -   -   -   -   -   -   -   -   -   -   -   -      -   -      -   -    -      -      -
        CONT -        -   ALU BA   -     DZ   H WR2  WR2  -   -      -     -   -    -    -     SHIFT  -      LOG   -     -   -    -   -   -   -   -   -   -   -   -   -   -   -   -   -   -      -   -      -   -    -      -      -
        PUSH -        -   -   Q    AND   DZ   H -    -    -   -      CLRN  -   -    -    -     -      -      -     -     -   -    -   -   ICC -   -   CEN -   -   -   -   -   -   -   -   -      -   -      -   -    -      -      -
        CONT -        -   -   B    SUBR  AB   H Y    WR2  CI1 -      -     -   -    -    -     -      -      -     -     -   -    -   -   -   -   -   CEN -   -   -   -   -   -   -   -   -      -   -      -   -    -      -      -
        CJP  NEG      PE  -   -    -     -    - -    -    -   -      NN    -   -    -    -     -      -      -     -     -   -    -   -   -   -   -   -   -   -   -   -   -   -   -   -   -      -   -      -   -    -      CT     -
        TWB  ENDCKL   PE  -   LSBQ -     ZB   H Y    -    -   LDLND  -     -   -    -    -     -      -      -     -     -   -    -   -   ICC -   -   CEN -   -   -   -   -   -   -   -   -      -   -      -   -    -      -      -
NEG:
        TWB  ENDCKL   PE  -   LSBQ -     AB   H Y    WR2  -   ASLLS  -     -   -    -    -     -      -      -     -     -   -    -   -   ICC -   -   CEN -   -   -   -   -   -   -   -   -      -   -      -   -    -      -      -
ENDCKL:
        CONT 26       -   ALU -    -     DA   H -    WR1  CI1 -      -     -   -    -    -     PROM   PSHIFT -     -     -   -    -   -   -   -   -   -   -   -   -   -   -   -   -   -   -      -   -      -   -    -      -      -
        CJP  ANAN     PE  ALU BA   -     DZ   H Y    Y    -   -      -     -   -    -    -     SHIFT  -      LOG   -     -   -    -   -   -   -   -   -   -   -   -   -   -   -   -   -   -      -   -      -   -    -      -      -
OVRZ:
        CONT 22       -   -   B    OR    DA   H WR3  WR3  -   -      -     -   -    -    -     PROM   -      -     -     -   -    -   -   -   -   -   -   -   -   -   -   -   -   -   -   -      -   -      -   -    -      -      -
ANAN:
        LDCT LCW      PE  ALU -    -     ZA   - -    WR3  -   -      YTOM  -   -    -    -     -      -      -     -     -   -    -   -   -   -   CEM -   -   -   -   -   -   -   -   -   -      -   STATUS WRD -    CHTKK  -      -
        CJP  NOINV    PE  -   B    -     ZQ   H A    -    -   -      /MN   -   -    -    -     -      -      -     -     -   -    -   -   -   -   -   -   -   -   -   -   -   -   -   -   -      -   -      -   -    CLRJMP CT     -
        CONT -        -   -   B    EXNOR ZB   H A    -    -   -      -     -   -    -    -     -      -      -     -     -   -    -   -   -   -   -   -   -   -   -   -   -   -   -   -   -      -   -      -   -    -      -      -
        CONT -        -   -   B    -     ZB   H A    -    CI1 -      -     -   -    -    -     -      -      -     -     -   -    -   -   -   -   -   -   -   -   -   -   -   -   -   -   -      -   -      -   -    -      -      -
        CONT -        -   -   B    EXNOR ZB   H Y    -    -   -      -     -   -    -    -     -      -      -     -     -   -    -   -   -   -   -   -   -   -   -   -   -   -   -   -   -      -   -      -   -    -      -      -
        CONT -        -   -   B    -     ZB   H Y    -    CI1 -      -     -   -    -    -     -      -      -     -     -   -    -   -   -   -   -   -   -   -   -   -   -   -   -   -   -      -   -      -   -    -      -      -
NOINV:
        JRP  -        ME  -   Q    -     DZ   - -    -    -   -      -     -   -    -    -     COMA   -      -     -     -   -    -   -   -   ISE -   -   -   -   -   -   -   -   -   -   -      -   CLRCD  WRD -    MULGRP TKKB   -
ZRRZ:
        LDCT LCW      PE  -   B    -     ZA   H Y    -    -   -      -     -   -    -    -     -      -      -     -     -   -    -   -   -   -   -   -   -   -   -   -   -   -   -   -   -      -   -      -   -    CHTKK  -      -
        JRP  JQ       PE  -   B    AND   DZ   H A    -    -   -      -     -   -    -    -     -      -      -     -     -   -    -   -   -   ISE CEM -   -   -   -   -   -   -   -   -   -      -   -      -   -    MULGRP TKKB   -
EQU:
        CONT -        -   -   B    AND   DZ   H Y    -    -   -      -     -   -    -    -     -      -      -     -     -   -    -   -   -   -   -   -   -   -   -   -   -   -   -   -   -      -   -      -   -    -      -      -
        CJP  ANAN     PE  -   Q    -     ZA   H -    Y    CI1 -      -     -   -    -    -     -      -      -     -     -   -    -   -   -   -   -   -   -   -   -   -   -   -   -   -   -      -   -      -   -    -      -      -
--------
A/I:
--------sqi--addr-----map-alu-alud-func--alus-h-rb---ra---ci--shmux--stopc-mod-pshf-mnsa-modnm-dsrc---ydst---shf---arbi--rld-letc-sci-ici-icc-ise-cem-cen-csm-wem-ecb-wrb-bra-eca-wra-ara-ydev---wry-ddev---wrd-iomp-ffcnt--cond---mps
        CONT -        -   ALU B    -     DQ   - DADR -    -   -      -     -   -32  IRA  -     -      ADRREG -     -     -   -    -   -   -   -   -   -   CSM -   -   -   -   -   -   -   -      -   -      -   -    -      -      -
        CJP  PSA/U    PE  -   -    -     DZ   - -    -    -   -      -     -   -64  U    -     -      -      -     -     -   -    -   -   -   -   -   CEN CSM -   -   -   -   ECA WRA RG2 -      -   -      -   -    -      -      -
--------
A/L:
--------sqi--addr-----map-alu-alud-func--alus-h-rb---ra---ci--shmux--stopc-mod-pshf-mnsa-modnm-dsrc---ydst---shf---arbi--rld-letc-sci-ici-icc-ise-cem-cen-csm-wem-ecb-wrb-bra-eca-wra-ara-ydev---wry-ddev---wrd-iomp-ffcnt--cond---mps
        CONT -        -   ALU B    -     DQ   - DADR -    -   -      -     -   -32  IRA  -     -      ADRREG -     -     -   -    -   -   -   -   -   -   CSM -   -   -   -   -   -   -   -      -   -      -   -    -      -      -
        CONT -        -   -   B    AND   DZ   H WR3  -    -   -      -     -   -    -    -     -      -      -     DRD   -   -    -   -   -   -   -   -   -   -   ECB WRB RG0 -   -   -   PHYSAD -   -      -   -    -      -      -
WA:
        CJP  WA       PE  -   Q    -     ZA   H -    -    -   -      -     -   -    -    -     -      -      -     -     -   -    -   -   ICC -   CEM -   -   -   -   -   -   -   -   -   -      -   -      -   -    -      ARBRDY -
        CJP  INTDIV   PE  -   B    -     DZ   H WR2  -    -   -      -     -   -    -    -     -      -      -     -     -   -    -   -   -   -   -   CEN -   -   -   -   -   ECA -   RG2 -      -   -      -   -    -      -      -
A/LF:
        CONT -        -   -   -    -     ZQ   - -    -    -   -      -     -   -    -    -     -      -      -     -     -   -    -   -   -   -   -   CEN -   -   -   -   -   -   -   -   -      -   -      -   -    -      -      -
        CJP  A/L      PE  ALU B    SUBS  DZ   - DADR -    -   -      /NZ   -   48   MP   SP    -      ADRREG -     -     -   -    -   -   -   -   -   -   CSM -   -   -   -   -   -   -   -      -   -      -   -    -      CT     -
        CONT -        -   -   B    AND   DZ   H WR3  -    -   -      -     -   -    -    -     -      -      -     DRD   -   -    -   -   -   -   -   -   -   -   ECB WRB RG0 -   -   -   PHYSAD -   -      -   -    -      -      -
WAF:
        CJP  WAF      PE  -   Q    -     ZA   H -    -    -   -      -     -   -    -    -     -      -      -     -     -   -    -   -   ICC -   CEM -   -   -   -   -   -   -   -   -   -      -   -      -   -    -      ARBRDY -
        CJP  INTDIV   PE  ALU BA   -     DZ   H WR2  DADR -   -      -     -   48   MP   SP    -      -      -     -     -   -    -   -   -   -   -   CEN CSM WEM -   -   -   ECA -   RG2 -      -   -      -   -    -      -      -
--------
A/H:
--------sqi--addr-----map-alu-alud-func--alus-h-rb---ra---ci--shmux--stopc-mod-pshf-mnsa-modnm-dsrc---ydst---shf---arbi--rld-letc-sci-ici-icc-ise-cem-cen-csm-wem-ecb-wrb-bra-eca-wra-ara-ydev---wry-ddev---wrd-iomp-ffcnt--cond---mps
        CJS  RDH      PE  -   B    -     DQ   - WR2  -    -   -      -     -   -32  IRA  -     -      -      -     -     -   -    -   -   -   -   -   CEN CSM -   -   -   -   -   -   -   -      -   -      -   -    -      -      -
        CJP  INTDIV   PE  -   B    AND   DZ   H WR3  -    -   -      -     -   -    -    -     -      -      -     -     -   -    -   -   -   -   -   -   -   -   -   -   -   -   -   -   -      -   -      -   -    CHTKK  -      -
--------
